[python-small-examples.readthedocs.io/en/latest/index.html]
[backblue.gif]
[fade.gif]
[index.html]
[python-small-examples.readthedocs.io/en/latest/_static/js/modernizr.min.js]
[python-small-examples.readthedocs.io/en/latest/_static/documentation_options.js]
[python-small-examples.readthedocs.io/en/latest/_static/jquery.js]
[python-small-examples.readthedocs.io/en/latest/_static/underscore.js]
[python-small-examples.readthedocs.io/en/latest/_static/doctools.js]
[python-small-examples.readthedocs.io/en/latest/_static/language_data.js]
[assets.readthedocs.org/static/javascript/readthedocs-doc-embed.js]
[python-small-examples.readthedocs.io/en/latest/_static/js/theme.js]
[python-small-examples.readthedocs.io/en/latest/_static/css/theme.css]
[python-small-examples.readthedocs.io/en/latest/_static/pygments.css]
[python-small-examples.readthedocs.io/en/latest/genindex.html]
[python-small-examples.readthedocs.io/en/latest/search.html]
[python-small-examples.readthedocs.io/en/latest/preface.html]
[assets.readthedocs.org/static/css/readthedocs-doc-embed.css]
[python-small-examples.readthedocs.io/en/latest/_static/readthedocs-data.js]
[assets.readthedocs.org/static/javascript/readthedocs-analytics.js]
[python-small-examples.readthedocs.io/en/latest/chapters/p01_intro.html]
[python-small-examples.readthedocs.io/en/latest/chapters/p02_basic.html]
[python-small-examples.readthedocs.io/en/latest/chapters/p03_reandstr.html]
[python-small-examples.readthedocs.io/en/latest/chapters/p04_file_datetime.html]
[python-small-examples.readthedocs.io/en/latest/chapters/p05_threading.html]
[python-small-examples.readthedocs.io/en/latest/chapters/p06_3sharps.html]
[python-small-examples.readthedocs.io/en/latest/chapters/p07_plot.html]
[python-small-examples.readthedocs.io/en/latest/chapters/p08_keng.html]
[python-small-examples.readthedocs.io/en/latest/chapters/p09_usefultools.html]
[python-small-examples.readthedocs.io/en/latest/chapters/p10_basicalgAndMachineLearning.html]
[python-small-examples.readthedocs.io/en/latest/chapters/p11_pandas_data_analysis.html]
[python-small-examples.readthedocs.io/en/latest/chapters/p12_practice.html]
[python-small-examples.readthedocs.io/en/latest/aboutme.html]
[python-small-examples.readthedocs.io/en/latest/ch01/02_Pythonç»å¾.html]
[python-small-examples.readthedocs.io/en/latest/ch01/03_Pythonå¨ç».html]
[python-small-examples.readthedocs.io/en/latest/ch01/05_Pythonæºå¨å­¦ä¹ .html]
[python-small-examples.readthedocs.io/en/latest/ch01/06_Python GUI.html]
[python-small-examples.readthedocs.io/en/latest/ch02/02_åç´ é½ä¸ºçå¤æ­.html]
[python-small-examples.readthedocs.io/en/latest/ch02/03_åç´ è³å°ä¸ä¸ªä¸ºç.html]
[python-small-examples.readthedocs.io/en/latest/ch02/04_asciiå¯¹è±¡å±ç¤º.html]
[python-small-examples.readthedocs.io/en/latest/ch02/07_å­ç¬¦ä¸²è½¬å­è.html]
[python-small-examples.readthedocs.io/en/latest/ch02/08_è½¬ä¸ºå­ç¬¦ä¸².html]
[python-small-examples.readthedocs.io/en/latest/ch02/11_classmethodè£é¥°å¨.html]
[python-small-examples.readthedocs.io/en/latest/ch02/15_è½¬ä¸ºå­å¸.html]
[python-small-examples.readthedocs.io/en/latest/ch02/16_æ¥çå¯¹è±¡ææå±æ§åæ¹æ³.html]
[python-small-examples.readthedocs.io/en/latest/ch02/18_enumerateæ¹æ³.html]
[python-small-examples.readthedocs.io/en/latest/ch02/19.html]
[python-small-examples.readthedocs.io/en/latest/ch02/23.html]
[python-small-examples.readthedocs.io/en/latest/ch02/24.html]
[python-small-examples.readthedocs.io/en/latest/ch02/25.html]
[python-small-examples.readthedocs.io/en/latest/ch02/26.html]
[python-small-examples.readthedocs.io/en/latest/ch02/27.html]
[python-small-examples.readthedocs.io/en/latest/ch02/28.html]
[python-small-examples.readthedocs.io/en/latest/ch02/29.html]
[python-small-examples.readthedocs.io/en/latest/ch02/30.html]
[python-small-examples.readthedocs.io/en/latest/ch02/31.html]
[python-small-examples.readthedocs.io/en/latest/ch02/32.html]
[python-small-examples.readthedocs.io/en/latest/ch02/33.html]
[python-small-examples.readthedocs.io/en/latest/ch02/34.html]
[python-small-examples.readthedocs.io/en/latest/ch02/35.html]
[python-small-examples.readthedocs.io/en/latest/ch02/36.html]
[python-small-examples.readthedocs.io/en/latest/ch02/37.html]
[python-small-examples.readthedocs.io/en/latest/ch02/38.html]
[python-small-examples.readthedocs.io/en/latest/ch02/39.html]
[python-small-examples.readthedocs.io/en/latest/ch02/40.html]
[python-small-examples.readthedocs.io/en/latest/ch02/41.html]
[python-small-examples.readthedocs.io/en/latest/ch02/42.html]
[python-small-examples.readthedocs.io/en/latest/ch02/43.html]
[python-small-examples.readthedocs.io/en/latest/ch02/44.html]
[python-small-examples.readthedocs.io/en/latest/ch02/45.html]
[python-small-examples.readthedocs.io/en/latest/ch02/46.html]
[python-small-examples.readthedocs.io/en/latest/ch02/47.html]
[python-small-examples.readthedocs.io/en/latest/ch02/48.html]
[python-small-examples.readthedocs.io/en/latest/ch02/49.html]
[python-small-examples.readthedocs.io/en/latest/ch02/50.html]
[python-small-examples.readthedocs.io/en/latest/ch02/51.html]
[python-small-examples.readthedocs.io/en/latest/ch02/52.html]
[python-small-examples.readthedocs.io/en/latest/ch02/53.html]
[python-small-examples.readthedocs.io/en/latest/ch02/54.html]
[python-small-examples.readthedocs.io/en/latest/ch02/55.html]
[python-small-examples.readthedocs.io/en/latest/ch02/56.html]
[python-small-examples.readthedocs.io/en/latest/ch02/57.html]
[python-small-examples.readthedocs.io/en/latest/ch02/58.html]
[python-small-examples.readthedocs.io/en/latest/ch02/59.html]
[python-small-examples.readthedocs.io/en/latest/ch02/60.html]
[python-small-examples.readthedocs.io/en/latest/ch02/61.html]
[python-small-examples.readthedocs.io/en/latest/ch02/62.html]
[python-small-examples.readthedocs.io/en/latest/ch02/63.html]
[python-small-examples.readthedocs.io/en/latest/ch02/64.html]
[python-small-examples.readthedocs.io/en/latest/ch02/65.html]
[python-small-examples.readthedocs.io/en/latest/ch02/66.html]
[python-small-examples.readthedocs.io/en/latest/ch02/67.html]
[python-small-examples.readthedocs.io/en/latest/ch02/68.html]
[python-small-examples.readthedocs.io/en/latest/ch02/69.html]
[python-small-examples.readthedocs.io/en/latest/ch02/70.html]
[python-small-examples.readthedocs.io/en/latest/ch02/71.html]
[python-small-examples.readthedocs.io/en/latest/ch02/72.html]
[python-small-examples.readthedocs.io/en/latest/ch02/73.html]
[python-small-examples.readthedocs.io/en/latest/ch02/74.html]
[python-small-examples.readthedocs.io/en/latest/ch02/75.html]
[python-small-examples.readthedocs.io/en/latest/ch02/76.html]
[python-small-examples.readthedocs.io/en/latest/ch02/77.html]
[python-small-examples.readthedocs.io/en/latest/ch02/78.html]
[python-small-examples.readthedocs.io/en/latest/ch02/79.html]
[python-small-examples.readthedocs.io/en/latest/ch02/80.html]
[python-small-examples.readthedocs.io/en/latest/ch02/81.html]
[python-small-examples.readthedocs.io/en/latest/ch02/82.html]
[python-small-examples.readthedocs.io/en/latest/ch02/83.html]
[python-small-examples.readthedocs.io/en/latest/ch02/84.html]
[python-small-examples.readthedocs.io/en/latest/ch02/85.html]
[python-small-examples.readthedocs.io/en/latest/ch02/86.html]
[python-small-examples.readthedocs.io/en/latest/ch03/01.html]
[python-small-examples.readthedocs.io/en/latest/ch03/02.html]
[python-small-examples.readthedocs.io/en/latest/ch03/03.html]
[python-small-examples.readthedocs.io/en/latest/ch03/04.html]
[python-small-examples.readthedocs.io/en/latest/ch03/05.html]
[python-small-examples.readthedocs.io/en/latest/ch03/06.html]
[python-small-examples.readthedocs.io/en/latest/ch04/01.html]
[python-small-examples.readthedocs.io/en/latest/ch04/02.html]
[python-small-examples.readthedocs.io/en/latest/ch04/03.html]
[python-small-examples.readthedocs.io/en/latest/ch04/04.html]
[python-small-examples.readthedocs.io/en/latest/ch04/05.html]
[python-small-examples.readthedocs.io/en/latest/ch04/06.html]
[python-small-examples.readthedocs.io/en/latest/ch04/08.html]
[python-small-examples.readthedocs.io/en/latest/ch05/01.html]
[python-small-examples.readthedocs.io/en/latest/ch05/02.html]
[python-small-examples.readthedocs.io/en/latest/ch05/03.html]
[python-small-examples.readthedocs.io/en/latest/ch05/04.html]
[python-small-examples.readthedocs.io/en/latest/ch06/01.html]
[python-small-examples.readthedocs.io/en/latest/ch06/02.html]
[python-small-examples.readthedocs.io/en/latest/ch06/03.html]
[python-small-examples.readthedocs.io/en/latest/ch06/04.html]
[python-small-examples.readthedocs.io/en/latest/ch06/05.html]
[python-small-examples.readthedocs.io/en/latest/ch06/06.html]
[python-small-examples.readthedocs.io/en/latest/ch06/07.html]
[python-small-examples.readthedocs.io/en/latest/ch06/08.html]
[python-small-examples.readthedocs.io/en/latest/ch06/09.html]
[python-small-examples.readthedocs.io/en/latest/ch06/10.html]
[python-small-examples.readthedocs.io/en/latest/ch06/11.html]
[python-small-examples.readthedocs.io/en/latest/ch06/12.html]
[python-small-examples.readthedocs.io/en/latest/ch06/13.html]
[python-small-examples.readthedocs.io/en/latest/ch06/14.html]
[python-small-examples.readthedocs.io/en/latest/ch06/15.html]
[python-small-examples.readthedocs.io/en/latest/ch07/01.html]
[python-small-examples.readthedocs.io/en/latest/ch07/02.html]
[python-small-examples.readthedocs.io/en/latest/ch07/03.html]
[python-small-examples.readthedocs.io/en/latest/ch07/04.html]
[python-small-examples.readthedocs.io/en/latest/ch07/05.html]
[python-small-examples.readthedocs.io/en/latest/ch07/06.html]
[python-small-examples.readthedocs.io/en/latest/ch07/07.html]
[python-small-examples.readthedocs.io/en/latest/ch07/08.html]
[python-small-examples.readthedocs.io/en/latest/ch07/09.html]
[python-small-examples.readthedocs.io/en/latest/ch07/10.html]
[python-small-examples.readthedocs.io/en/latest/ch07/11.html]
[python-small-examples.readthedocs.io/en/latest/ch07/12.html]
[python-small-examples.readthedocs.io/en/latest/ch07/13.html]
[python-small-examples.readthedocs.io/en/latest/ch07/14.html]
[python-small-examples.readthedocs.io/en/latest/ch07/15.html]
[python-small-examples.readthedocs.io/en/latest/ch07/16.html]
[python-small-examples.readthedocs.io/en/latest/ch07/17.html]
[python-small-examples.readthedocs.io/en/latest/ch07/18.html]
[python-small-examples.readthedocs.io/en/latest/ch07/19.html]
[python-small-examples.readthedocs.io/en/latest/ch07/20.html]
[python-small-examples.readthedocs.io/en/latest/ch07/21.html]
[python-small-examples.readthedocs.io/en/latest/ch08/01.html]
[python-small-examples.readthedocs.io/en/latest/ch08/02.html]
[python-small-examples.readthedocs.io/en/latest/ch08/03.html]
[python-small-examples.readthedocs.io/en/latest/ch08/04.html]
[python-small-examples.readthedocs.io/en/latest/ch08/05.html]
[python-small-examples.readthedocs.io/en/latest/ch08/06.html]
[python-small-examples.readthedocs.io/en/latest/ch08/07.html]
[python-small-examples.readthedocs.io/en/latest/ch08/08.html]
[python-small-examples.readthedocs.io/en/latest/ch08/09.html]
[python-small-examples.readthedocs.io/en/latest/ch08/10.html]
[python-small-examples.readthedocs.io/en/latest/ch08/11.html]
[python-small-examples.readthedocs.io/en/latest/ch08/12.html]
[python-small-examples.readthedocs.io/en/latest/ch09/01.html]
[python-small-examples.readthedocs.io/en/latest/ch09/02.html]
[python-small-examples.readthedocs.io/en/latest/ch10/01.html]
[python-small-examples.readthedocs.io/en/latest/ch10/02.html]
[python-small-examples.readthedocs.io/en/latest/ch10/03.html]
[python-small-examples.readthedocs.io/en/latest/ch10/04.html]
[python-small-examples.readthedocs.io/en/latest/ch10/05.html]
[python-small-examples.readthedocs.io/en/latest/ch10/06.html]
[python-small-examples.readthedocs.io/en/latest/ch10/07.html]
[python-small-examples.readthedocs.io/en/latest/ch10/08.html]
[python-small-examples.readthedocs.io/en/latest/ch10/09.html]
[python-small-examples.readthedocs.io/en/latest/ch10/10.html]
[python-small-examples.readthedocs.io/en/latest/ch10/11.html]
[python-small-examples.readthedocs.io/en/latest/ch10/12.html]
[python-small-examples.readthedocs.io/en/latest/ch10/13.html]
[python-small-examples.readthedocs.io/en/latest/ch10/14.html]
[python-small-examples.readthedocs.io/en/latest/ch11/06-1.html]
[python-small-examples.readthedocs.io/en/latest/ch11/06-2.html]
[python-small-examples.readthedocs.io/en/latest/ch11/06-3.html]
[python-small-examples.readthedocs.io/en/latest/ch11/06-4.html]
[python-small-examples.readthedocs.io/en/latest/ch11/06-5.html]
[python-small-examples.readthedocs.io/en/latest/ch11/06-6.html]
[python-small-examples.readthedocs.io/en/latest/ch12/01.html]
[python-small-examples.readthedocs.io/en/latest/ch12/02.html]
[python-small-examples.readthedocs.io/en/latest/ch12/03.html]
[python-small-examples.readthedocs.io/en/latest/ch12/04.html]
[python-small-examples.readthedocs.io/en/latest/index.html]
[python-small-examples.readthedocs.io/en/latest/ch12/05.html]
[python-small-examples.readthedocs.io/en/latest/_static/fonts/fontawesome-webfont3e6e.eot]
[python-small-examples.readthedocs.io/en/latest/_static/fonts/fontawesome-webfontd41d.eot]
[python-small-examples.readthedocs.io/en/latest/_static/fonts/fontawesome-webfont3e6e.woff2]
[python-small-examples.readthedocs.io/en/latest/_static/fonts/fontawesome-webfont3e6e.woff]
[python-small-examples.readthedocs.io/en/latest/_static/fonts/fontawesome-webfont3e6e.ttf]
[python-small-examples.readthedocs.io/en/latest/_static/fonts/fontawesome-webfont3e6e.svg]
[python-small-examples.readthedocs.io/en/latest/_static/fonts/Lato/lato-regular.eot]
[python-small-examples.readthedocs.io/en/latest/_static/fonts/Lato/lato-regulard41d.eot]
[python-small-examples.readthedocs.io/en/latest/_static/fonts/Lato/lato-regular.woff2]
[python-small-examples.readthedocs.io/en/latest/_static/fonts/Lato/lato-regular.woff]
[python-small-examples.readthedocs.io/en/latest/_static/fonts/Lato/lato-regular.ttf]
[python-small-examples.readthedocs.io/en/latest/_static/fonts/Lato/lato-bold.eot]
[python-small-examples.readthedocs.io/en/latest/_static/fonts/Lato/lato-boldd41d.eot]
[python-small-examples.readthedocs.io/en/latest/_static/fonts/Lato/lato-bold.woff2]
[python-small-examples.readthedocs.io/en/latest/_static/fonts/Lato/lato-bold.woff]
[python-small-examples.readthedocs.io/en/latest/_static/fonts/Lato/lato-bold.ttf]
[python-small-examples.readthedocs.io/en/latest/_static/fonts/Lato/lato-bolditalicd41d.eot]
[python-small-examples.readthedocs.io/en/latest/_static/fonts/Lato/lato-bolditalic.eot]
[python-small-examples.readthedocs.io/en/latest/_static/fonts/Lato/lato-bolditalic.woff2]
[python-small-examples.readthedocs.io/en/latest/_static/fonts/Lato/lato-bolditalic.woff]
[python-small-examples.readthedocs.io/en/latest/_static/fonts/Lato/lato-bolditalic.ttf]
[python-small-examples.readthedocs.io/en/latest/_static/fonts/Lato/lato-italic.eot]
[python-small-examples.readthedocs.io/en/latest/_static/fonts/Lato/lato-italicd41d.eot]
[python-small-examples.readthedocs.io/en/latest/_static/fonts/Lato/lato-italic.woff2]
[python-small-examples.readthedocs.io/en/latest/_static/fonts/Lato/lato-italic.woff]
[python-small-examples.readthedocs.io/en/latest/_static/fonts/Lato/lato-italic.ttf]
[python-small-examples.readthedocs.io/en/latest/_static/fonts/RobotoSlab/roboto-slab.eot]
[python-small-examples.readthedocs.io/en/latest/_static/fonts/RobotoSlab/roboto-slab-v7-regulard41d.eot]
[python-small-examples.readthedocs.io/en/latest/_static/fonts/RobotoSlab/roboto-slab-v7-regular.woff2]
[python-small-examples.readthedocs.io/en/latest/_static/fonts/RobotoSlab/roboto-slab-v7-regular.woff]
[python-small-examples.readthedocs.io/en/latest/_static/fonts/RobotoSlab/roboto-slab-v7-regular.ttf]
[python-small-examples.readthedocs.io/en/latest/_static/fonts/RobotoSlab/roboto-slab-v7-bold.eot]
[python-small-examples.readthedocs.io/en/latest/_static/fonts/RobotoSlab/roboto-slab-v7-boldd41d.eot]
[python-small-examples.readthedocs.io/en/latest/_static/fonts/RobotoSlab/roboto-slab-v7-bold.woff2]
[python-small-examples.readthedocs.io/en/latest/_static/fonts/RobotoSlab/roboto-slab-v7-bold.woff]
[python-small-examples.readthedocs.io/en/latest/_static/css/theme.css]
[python-small-examples.readthedocs.io/en/latest/_static/pygments.css]
[python-small-examples.readthedocs.io/en/latest/_static/fonts/RobotoSlab/roboto-slab-v7-bold.ttf]
[python-small-examples.readthedocs.io/en/latest/genindex.html]
[python-small-examples.readthedocs.io/en/latest/index-2.html]
[python-small-examples.readthedocs.io/en/latest/_static/searchtools.js]
[python-small-examples.readthedocs.io/en/latest/search.html]
[python-small-examples.readthedocs.io/en/latest/searchindex.js]
[python-small-examples.readthedocs.io/en/latest/_images/liangzi.jpg]
[python-small-examples.readthedocs.io/en/latest/preface.html]
[assets.readthedocs.org/static/css/readthedocs-doc-embed.css]
[python-small-examples.readthedocs.io/en/latest/chapters/p01_intro.html]
[python-small-examples.readthedocs.io/en/latest/chapters/p02_basic.html]
[python-small-examples.readthedocs.io/en/latest/chapters/p03_reandstr.html]
[python-small-examples.readthedocs.io/en/latest/chapters/p04_file_datetime.html]
[python-small-examples.readthedocs.io/en/latest/chapters/p05_threading.html]
[python-small-examples.readthedocs.io/en/latest/chapters/p06_3sharps.html]
[python-small-examples.readthedocs.io/en/latest/chapters/p07_plot.html]
[python-small-examples.readthedocs.io/en/latest/chapters/p08_keng.html]
[python-small-examples.readthedocs.io/en/latest/chapters/p09_usefultools.html]
[python-small-examples.readthedocs.io/en/latest/chapters/p10_basicalgAndMachineLearning.html]
[python-small-examples.readthedocs.io/en/latest/chapters/p11_pandas_data_analysis.html]
[python-small-examples.readthedocs.io/en/latest/chapters/p12_practice.html]
[python-small-examples.readthedocs.io/en/latest/_images/python-small-examples.png]
[python-small-examples.readthedocs.io/en/latest/_images/wechat-shoukuan.jpg]
[python-small-examples.readthedocs.io/en/latest/aboutme.html]
[python-small-examples.readthedocs.io/en/latest/ch01/01_ç®æ´ä¹ç¾.html]
[python-small-examples.readthedocs.io/en/latest/ch01/02_Pythonç»å¾.html]
[python-small-examples.readthedocs.io/en/latest/ch01/03_Pythonå¨ç».html]
[python-small-examples.readthedocs.io/en/latest/ch01/04_Pythonæ°æ®åæ.html]
[python-small-examples.readthedocs.io/en/latest/ch01/05_Pythonæºå¨å­¦ä¹ .html]
[python-small-examples.readthedocs.io/en/latest/ch01/06_Python GUI.html]
[python-small-examples.readthedocs.io/en/latest/ch02/01_æ±ç»å¯¹å¼.html]
[python-small-examples.readthedocs.io/en/latest/ch02/02_åç´ é½ä¸ºçå¤æ­.html]
[python-small-examples.readthedocs.io/en/latest/ch02/03_åç´ è³å°ä¸ä¸ªä¸ºç.html]
[python-small-examples.readthedocs.io/en/latest/ch02/04_asciiå¯¹è±¡å±ç¤º.html]
[python-small-examples.readthedocs.io/en/latest/ch02/05_è¿å¶è½¬æ¢.html]
[python-small-examples.readthedocs.io/en/latest/ch02/06_å¤æ­æ¯çæ¯å.html]
[python-small-examples.readthedocs.io/en/latest/ch02/07_å­ç¬¦ä¸²è½¬å­è.html]
[python-small-examples.readthedocs.io/en/latest/ch02/08_è½¬ä¸ºå­ç¬¦ä¸².html]
[python-small-examples.readthedocs.io/en/latest/ch02/09_callableå¯è°ç¨å¯¹è±¡.html]
[python-small-examples.readthedocs.io/en/latest/ch02/10_ååASCIIäºè½¬.html]
[python-small-examples.readthedocs.io/en/latest/ch02/11_classmethodè£é¥°å¨.html]
[python-small-examples.readthedocs.io/en/latest/ch02/12_æ§è¡å­ç¬¦ä¸²è¡¨ç¤ºçä»£ç .html]
[python-small-examples.readthedocs.io/en/latest/ch02/13_åå»ºå¤æ°.html]
[python-small-examples.readthedocs.io/en/latest/ch02/14_å¨æå é¤å±æ§.html]
[python-small-examples.readthedocs.io/en/latest/ch02/15_è½¬ä¸ºå­å¸.html]
[python-small-examples.readthedocs.io/en/latest/ch02/16_æ¥çå¯¹è±¡ææå±æ§åæ¹æ³.html]
[python-small-examples.readthedocs.io/en/latest/ch02/17_åååæ±ä½åæ¶å.html]
[python-small-examples.readthedocs.io/en/latest/ch02/18_enumerateæ¹æ³.html]
[python-small-examples.readthedocs.io/en/latest/ch02/19.html]
[python-small-examples.readthedocs.io/en/latest/ch02/23.html]
[python-small-examples.readthedocs.io/en/latest/ch02/24.html]
[python-small-examples.readthedocs.io/en/latest/ch02/25.html]
[python-small-examples.readthedocs.io/en/latest/ch02/26.html]
[python-small-examples.readthedocs.io/en/latest/ch02/27.html]
[python-small-examples.readthedocs.io/en/latest/ch02/28.html]
[python-small-examples.readthedocs.io/en/latest/ch02/29.html]
[python-small-examples.readthedocs.io/en/latest/ch02/30.html]
[python-small-examples.readthedocs.io/en/latest/ch02/31.html]
[python-small-examples.readthedocs.io/en/latest/ch02/32.html]
[python-small-examples.readthedocs.io/en/latest/ch02/33.html]
[python-small-examples.readthedocs.io/en/latest/ch02/34.html]
[python-small-examples.readthedocs.io/en/latest/ch02/35.html]
[python-small-examples.readthedocs.io/en/latest/ch02/36.html]
[python-small-examples.readthedocs.io/en/latest/ch02/37.html]
[python-small-examples.readthedocs.io/en/latest/ch02/38.html]
[python-small-examples.readthedocs.io/en/latest/ch02/39.html]
[python-small-examples.readthedocs.io/en/latest/ch02/40.html]
[python-small-examples.readthedocs.io/en/latest/ch02/41.html]
[python-small-examples.readthedocs.io/en/latest/ch02/42.html]
[python-small-examples.readthedocs.io/en/latest/ch02/43.html]
[python-small-examples.readthedocs.io/en/latest/ch02/44.html]
[python-small-examples.readthedocs.io/en/latest/ch02/45.html]
[python-small-examples.readthedocs.io/en/latest/ch02/46.html]
[python-small-examples.readthedocs.io/en/latest/ch02/47.html]
[python-small-examples.readthedocs.io/en/latest/ch02/48.html]
[python-small-examples.readthedocs.io/en/latest/ch02/49.html]
[python-small-examples.readthedocs.io/en/latest/ch02/50.html]
[python-small-examples.readthedocs.io/en/latest/ch02/51.html]
[python-small-examples.readthedocs.io/en/latest/ch02/52.html]
[python-small-examples.readthedocs.io/en/latest/ch02/53.html]
[python-small-examples.readthedocs.io/en/latest/ch02/54.html]
[python-small-examples.readthedocs.io/en/latest/ch02/55.html]
[python-small-examples.readthedocs.io/en/latest/ch02/56.html]
[python-small-examples.readthedocs.io/en/latest/ch02/57.html]
[python-small-examples.readthedocs.io/en/latest/ch02/58.html]
[python-small-examples.readthedocs.io/en/latest/ch02/59.html]
[python-small-examples.readthedocs.io/en/latest/ch02/60.html]
[python-small-examples.readthedocs.io/en/latest/ch02/61.html]
[python-small-examples.readthedocs.io/en/latest/ch02/62.html]
[python-small-examples.readthedocs.io/en/latest/ch02/63.html]
[python-small-examples.readthedocs.io/en/latest/ch02/64.html]
[python-small-examples.readthedocs.io/en/latest/ch02/65.html]
[python-small-examples.readthedocs.io/en/latest/ch02/66.html]
[python-small-examples.readthedocs.io/en/latest/ch02/67.html]
[python-small-examples.readthedocs.io/en/latest/ch02/68.html]
[python-small-examples.readthedocs.io/en/latest/ch02/69.html]
[python-small-examples.readthedocs.io/en/latest/ch02/70.html]
[python-small-examples.readthedocs.io/en/latest/ch02/71.html]
[python-small-examples.readthedocs.io/en/latest/ch02/72.html]
[python-small-examples.readthedocs.io/en/latest/ch02/73.html]
[python-small-examples.readthedocs.io/en/latest/ch02/74.html]
[python-small-examples.readthedocs.io/en/latest/ch02/75.html]
[python-small-examples.readthedocs.io/en/latest/ch02/76.html]
[python-small-examples.readthedocs.io/en/latest/ch02/77.html]
[python-small-examples.readthedocs.io/en/latest/ch02/78.html]
[python-small-examples.readthedocs.io/en/latest/ch02/79.html]
[python-small-examples.readthedocs.io/en/latest/ch02/80.html]
[python-small-examples.readthedocs.io/en/latest/ch02/81.html]
[python-small-examples.readthedocs.io/en/latest/ch02/82.html]
[python-small-examples.readthedocs.io/en/latest/ch02/83.html]
[python-small-examples.readthedocs.io/en/latest/ch02/84.html]
[python-small-examples.readthedocs.io/en/latest/ch02/85.html]
[python-small-examples.readthedocs.io/en/latest/ch02/86.html]
[python-small-examples.readthedocs.io/en/latest/ch03/01.html]
[python-small-examples.readthedocs.io/en/latest/ch03/02.html]
[python-small-examples.readthedocs.io/en/latest/ch03/03.html]
[python-small-examples.readthedocs.io/en/latest/ch03/04.html]
[python-small-examples.readthedocs.io/en/latest/ch03/05.html]
[python-small-examples.readthedocs.io/en/latest/ch03/06.html]
[python-small-examples.readthedocs.io/en/latest/ch04/01.html]
[python-small-examples.readthedocs.io/en/latest/ch04/02.html]
[python-small-examples.readthedocs.io/en/latest/ch04/03.html]
[python-small-examples.readthedocs.io/en/latest/ch04/04.html]
[python-small-examples.readthedocs.io/en/latest/ch04/05.html]
[python-small-examples.readthedocs.io/en/latest/ch04/06.html]
[python-small-examples.readthedocs.io/en/latest/ch04/08.html]
[python-small-examples.readthedocs.io/en/latest/ch05/01.html]
[python-small-examples.readthedocs.io/en/latest/ch05/02.html]
[python-small-examples.readthedocs.io/en/latest/ch05/03.html]
[python-small-examples.readthedocs.io/en/latest/ch05/04.html]
[python-small-examples.readthedocs.io/en/latest/ch06/01.html]
[python-small-examples.readthedocs.io/en/latest/ch06/02.html]
[python-small-examples.readthedocs.io/en/latest/ch06/03.html]
[python-small-examples.readthedocs.io/en/latest/ch06/04.html]
[python-small-examples.readthedocs.io/en/latest/ch06/05.html]
[python-small-examples.readthedocs.io/en/latest/ch06/06.html]
[python-small-examples.readthedocs.io/en/latest/ch06/07.html]
[python-small-examples.readthedocs.io/en/latest/ch06/08.html]
[python-small-examples.readthedocs.io/en/latest/ch06/09.html]
[python-small-examples.readthedocs.io/en/latest/ch06/10.html]
[python-small-examples.readthedocs.io/en/latest/ch06/11.html]
[python-small-examples.readthedocs.io/en/latest/ch06/12.html]
[python-small-examples.readthedocs.io/en/latest/ch06/13.html]
[python-small-examples.readthedocs.io/en/latest/ch06/14.html]
[python-small-examples.readthedocs.io/en/latest/ch06/15.html]
[python-small-examples.readthedocs.io/cdn-cgi/scripts/5c5dd728/cloudflare-static/email-decode.min.js]
[python-small-examples.readthedocs.io/en/latest/_images/turtle1.png]
[python-small-examples.readthedocs.io/en/latest/ch07/01.html]
[python-small-examples.readthedocs.io/en/latest/_images/turtlesnow1.gif]
[python-small-examples.readthedocs.io/en/latest/ch07/02.html]
[python-small-examples.readthedocs.io/en/latest/_images/geo_data.png]
[python-small-examples.readthedocs.io/en/latest/ch07/03.html]
[python-small-examples.readthedocs.io/en/latest/_images/plotly1.png]
[python-small-examples.readthedocs.io/en/latest/ch07/04.html]
[python-small-examples.readthedocs.io/en/latest/_images/heatmap.png]
[python-small-examples.readthedocs.io/en/latest/ch07/05.html]
[python-small-examples.readthedocs.io/en/latest/_images/matplotlib1.png]
[python-small-examples.readthedocs.io/en/latest/ch07/06.html]
[python-small-examples.readthedocs.io/en/latest/_images/1578811129148.png]
[python-small-examples.readthedocs.io/en/latest/ch07/07.html]
[python-small-examples.readthedocs.io/en/latest/_images/1578811155501.png]
[python-small-examples.readthedocs.io/en/latest/ch07/08.html]
[python-small-examples.readthedocs.io/en/latest/_images/1578811177737.png]
[python-small-examples.readthedocs.io/en/latest/ch07/09.html]
[python-small-examples.readthedocs.io/en/latest/_images/1578811404145.png]
[python-small-examples.readthedocs.io/en/latest/ch07/10.html]
[python-small-examples.readthedocs.io/en/latest/_images/image-20191228194635902.png]
[python-small-examples.readthedocs.io/en/latest/ch07/11.html]
[python-small-examples.readthedocs.io/en/latest/_images/1578811483265.png]
[python-small-examples.readthedocs.io/en/latest/ch07/12.html]
[python-small-examples.readthedocs.io/en/latest/_images/1578811543851.png]
[python-small-examples.readthedocs.io/en/latest/ch07/13.html]
[python-small-examples.readthedocs.io/en/latest/_images/1578811569529.png]
[python-small-examples.readthedocs.io/en/latest/ch07/14.html]
[python-small-examples.readthedocs.io/en/latest/_images/liquid1.gif]
[python-small-examples.readthedocs.io/en/latest/ch07/15.html]
[python-small-examples.readthedocs.io/en/latest/_images/20191229105841.png]
[python-small-examples.readthedocs.io/en/latest/ch07/16.html]
[python-small-examples.readthedocs.io/en/latest/_images/1578811648010.png]
[python-small-examples.readthedocs.io/en/latest/ch07/17.html]
[python-small-examples.readthedocs.io/en/latest/_images/1578811675413.png]
[python-small-examples.readthedocs.io/en/latest/ch07/18.html]
[python-small-examples.readthedocs.io/en/latest/_images/1578811781930.png]
[python-small-examples.readthedocs.io/en/latest/ch07/19.html]
[python-small-examples.readthedocs.io/en/latest/_images/image-201912291017246651.png]
[python-small-examples.readthedocs.io/en/latest/ch07/20.html]
[python-small-examples.readthedocs.io/en/latest/ch07/21.html]
[python-small-examples.readthedocs.io/en/latest/ch08/01.html]
[python-small-examples.readthedocs.io/en/latest/ch08/02.html]
[python-small-examples.readthedocs.io/en/latest/ch08/03.html]
[python-small-examples.readthedocs.io/en/latest/ch08/04.html]
[python-small-examples.readthedocs.io/en/latest/ch08/05.html]
[python-small-examples.readthedocs.io/en/latest/ch08/06.html]
[python-small-examples.readthedocs.io/en/latest/ch08/07.html]
[python-small-examples.readthedocs.io/en/latest/ch08/08.html]
[python-small-examples.readthedocs.io/en/latest/ch08/09.html]
[python-small-examples.readthedocs.io/en/latest/ch08/10.html]
[python-small-examples.readthedocs.io/en/latest/ch08/11.html]
[python-small-examples.readthedocs.io/en/latest/ch08/12.html]
[python-small-examples.readthedocs.io/en/latest/_images/image-20200104103849047.png]
[python-small-examples.readthedocs.io/en/latest/ch09/01.html]
[python-small-examples.readthedocs.io/en/latest/_images/plotly2.png]
[python-small-examples.readthedocs.io/en/latest/_images/image-20200105085120611.png]
[python-small-examples.readthedocs.io/en/latest/_images/pillow_suofang.png]
[python-small-examples.readthedocs.io/en/latest/_images/pillow_filter.png]
[python-small-examples.readthedocs.io/en/latest/ch09/02.html]
[python-small-examples.readthedocs.io/en/latest/_images/642.gif]
[python-small-examples.readthedocs.io/en/latest/_images/643.gif]
[python-small-examples.readthedocs.io/en/latest/_images/644.gif]
[python-small-examples.readthedocs.io/en/latest/ch10/01.html]
[python-small-examples.readthedocs.io/en/latest/_images/image-20200104232411426.png]
[python-small-examples.readthedocs.io/en/latest/_images/bubble_sort.gif]
[python-small-examples.readthedocs.io/en/latest/ch10/02.html]
[python-small-examples.readthedocs.io/en/latest/_images/image-20200104232337713.png]
[python-small-examples.readthedocs.io/en/latest/ch10/03.html]
[python-small-examples.readthedocs.io/en/latest/_images/image-20200104232448531.png]
[python-small-examples.readthedocs.io/en/latest/_images/select_sort.gif]
[python-small-examples.readthedocs.io/en/latest/ch10/04.html]
[python-small-examples.readthedocs.io/en/latest/_images/image-20200104232824967.png]
[python-small-examples.readthedocs.io/en/latest/ch10/data/sort.zip]
[python-small-examples.readthedocs.io/en/latest/ch10/05.html]
[python-small-examples.readthedocs.io/en/latest/_images/1578812286324.png]
[python-small-examples.readthedocs.io/en/latest/ch10/ch10/img/1578812306173.png]
[python-small-examples.readthedocs.io/en/latest/ch10/06.html]
[python-small-examples.readthedocs.io/en/latest/_images/1578812336141.png]
[python-small-examples.readthedocs.io/en/latest/_images/1578812354197.png]
[python-small-examples.readthedocs.io/en/latest/_images/1578812380549.png]
[python-small-examples.readthedocs.io/en/latest/_images/1578812405788.png]
[python-small-examples.readthedocs.io/en/latest/ch10/ch10/img/1578812432196.png]
[python-small-examples.readthedocs.io/en/latest/ch10/07.html]
[python-small-examples.readthedocs.io/en/latest/_images/1578812461492.png]
[python-small-examples.readthedocs.io/en/latest/_images/1578812526928.png]
[python-small-examples.readthedocs.io/en/latest/_images/1578812555425.png]
[python-small-examples.readthedocs.io/en/latest/_images/1578812584788.png]
[python-small-examples.readthedocs.io/en/latest/_images/1578812611316.png]
[python-small-examples.readthedocs.io/en/latest/ch10/08.html]
[python-small-examples.readthedocs.io/en/latest/_images/1578812646197.png]
[python-small-examples.readthedocs.io/en/latest/_images/1578812671357.png]
[python-small-examples.readthedocs.io/en/latest/_images/1578812701522.png]
[python-small-examples.readthedocs.io/en/latest/_images/1578812721685.png]
[python-small-examples.readthedocs.io/en/latest/ch10/ch10/img1578812749903.png]
[python-small-examples.readthedocs.io/en/latest/_images/1578812770462.png]
[python-small-examples.readthedocs.io/en/latest/_images/1578812792568.png]
[python-small-examples.readthedocs.io/en/latest/_images/1578812814963.png]
[python-small-examples.readthedocs.io/en/latest/_images/1578812850771.png]
[python-small-examples.readthedocs.io/en/latest/ch10/09.html]
[python-small-examples.readthedocs.io/en/latest/_images/1578812874316.png]
[python-small-examples.readthedocs.io/en/latest/_images/1578812930092.png]
[python-small-examples.readthedocs.io/en/latest/ch10/10.html]
[python-small-examples.readthedocs.io/en/latest/_images/uniform.png]
[python-small-examples.readthedocs.io/en/latest/ch10/11.html]
[python-small-examples.readthedocs.io/en/latest/_images/binom.png]
[python-small-examples.readthedocs.io/en/latest/ch10/12.html]
[python-small-examples.readthedocs.io/en/latest/_images/guass.png]
[python-small-examples.readthedocs.io/en/latest/ch10/13.html]
[python-small-examples.readthedocs.io/en/latest/ch10/ch10/imgimage-20200105205845965.png]
[python-small-examples.readthedocs.io/en/latest/_images/beta.png]
[python-small-examples.readthedocs.io/en/latest/ch10/14.html]
[python-small-examples.readthedocs.io/en/latest/ch11/06-1.html]
[python-small-examples.readthedocs.io/en/latest/ch11/06-2.html]
[python-small-examples.readthedocs.io/en/latest/ch11/06-3.html]
[python-small-examples.readthedocs.io/en/latest/ch11/06-4.html]
[python-small-examples.readthedocs.io/en/latest/ch11/06-5.html]
[python-small-examples.readthedocs.io/en/latest/ch11/06-6.html]
[python-small-examples.readthedocs.io/en/latest/ch12/01.html]
[python-small-examples.readthedocs.io/en/latest/_images/1578811858798.png]
[python-small-examples.readthedocs.io/en/latest/ch12/02.html]
[python-small-examples.readthedocs.io/en/latest/ch12/03.html]
[python-small-examples.readthedocs.io/en/latest/ch12/ch12/img/1.png]
[python-small-examples.readthedocs.io/en/latest/ch12/04.html]
[python-small-examples.readthedocs.io/en/latest/_images/1578811899182.png]
[python-small-examples.readthedocs.io/en/latest/_images/1578811933606.png]
[python-small-examples.readthedocs.io/en/latest/_images/1578811959147.png]
[python-small-examples.readthedocs.io/en/latest/_images/1578811991539.png]
[python-small-examples.readthedocs.io/en/latest/_images/1578812033865.png]
[python-small-examples.readthedocs.io/en/latest/_images/1578812059285.png]
[python-small-examples.readthedocs.io/en/latest/ch12/05.html]
[python-small-examples.readthedocs.io/en/latest/_static/fonts/fontawesome-webfont3e6e.svg]
[python-small-examples.readthedocs.io/en/latest/_static/fonts/RobotoSlab/roboto-slab.html]
[python-small-examples.readthedocs.io/en/latest/index-2.html]
[python-small-examples.readthedocs.io/en/latest/ch10/data/sort.html]
[python-small-examples.readthedocs.io/en/latest/ch10/ch10/img/1578812306173.html]
[python-small-examples.readthedocs.io/en/latest/ch10/ch10/img/1578812432196.html]
[python-small-examples.readthedocs.io/en/latest/ch10/ch10/img1578812749903.html]
[python-small-examples.readthedocs.io/en/latest/ch10/ch10/imgimage-20200105205845965.html]
[python-small-examples.readthedocs.io/en/latest/ch12/ch12/img/1.html]
